// Jest Snapshot v1, https://goo.gl/fbAQLP

exports[`renders without crashing and takes snapshot takes snapshot 1`] = `
Object {
  "asFragment": [Function],
  "baseElement": <body>
    <div>
      <div
        class="App"
      >
        <div
          class="header"
        >
          <h2>
            Risvollan measurement station
          </h2>
          <p
            class="small"
          >
            Last data update: 05.03.21 06:02
          </p>
        </div>
        <div
          class="dashboard"
        >
          <div
            class="sensor-measurements"
          >
            <h2
              class="title"
            >
              Sensor measurements
            </h2>
            <button
              class="button small"
            >
              <img
                alt="Button icon"
                src="edit.svg"
              />
              Add/remove sensors
            </button>
            <div
              class="sensor-grid"
            >
              <p>
                No sensors chosen
              </p>
            </div>
          </div>
        </div>
      </div>
    </div>
    <div
      class="ReactModalPortal"
    />
    <div
      class="ReactModalPortal"
    />
  </body>,
  "container": <div>
    <div
      class="App"
    >
      <div
        class="header"
      >
        <h2>
          Risvollan measurement station
        </h2>
        <p
          class="small"
        >
          Last data update: 05.03.21 06:02
        </p>
      </div>
      <div
        class="dashboard"
      >
        <div
          class="sensor-measurements"
        >
          <h2
            class="title"
          >
            Sensor measurements
          </h2>
          <button
            class="button small"
          >
            <img
              alt="Button icon"
              src="edit.svg"
            />
            Add/remove sensors
          </button>
          <div
            class="sensor-grid"
          >
            <p>
              No sensors chosen
            </p>
          </div>
        </div>
      </div>
    </div>
  </div>,
  "debug": [Function],
  "findAllByAltText": [Function],
  "findAllByDisplayValue": [Function],
  "findAllByLabelText": [Function],
  "findAllByPlaceholderText": [Function],
  "findAllByRole": [Function],
  "findAllByTestId": [Function],
  "findAllByText": [Function],
  "findAllByTitle": [Function],
  "findByAltText": [Function],
  "findByDisplayValue": [Function],
  "findByLabelText": [Function],
  "findByPlaceholderText": [Function],
  "findByRole": [Function],
  "findByTestId": [Function],
  "findByText": [Function],
  "findByTitle": [Function],
  "getAllByAltText": [Function],
  "getAllByDisplayValue": [Function],
  "getAllByLabelText": [Function],
  "getAllByPlaceholderText": [Function],
  "getAllByRole": [Function],
  "getAllByTestId": [Function],
  "getAllByText": [Function],
  "getAllByTitle": [Function],
  "getByAltText": [Function],
  "getByDisplayValue": [Function],
  "getByLabelText": [Function],
  "getByPlaceholderText": [Function],
  "getByRole": [Function],
  "getByTestId": [Function],
  "getByText": [Function],
  "getByTitle": [Function],
  "queryAllByAltText": [Function],
  "queryAllByDisplayValue": [Function],
  "queryAllByLabelText": [Function],
  "queryAllByPlaceholderText": [Function],
  "queryAllByRole": [Function],
  "queryAllByTestId": [Function],
  "queryAllByText": [Function],
  "queryAllByTitle": [Function],
  "queryByAltText": [Function],
  "queryByDisplayValue": [Function],
  "queryByLabelText": [Function],
  "queryByPlaceholderText": [Function],
  "queryByRole": [Function],
  "queryByTestId": [Function],
  "queryByText": [Function],
  "queryByTitle": [Function],
  "rerender": [Function],
  "unmount": [Function],
}
`;
