// Jest Snapshot v1, https://goo.gl/fbAQLP

exports[`renders without crashing and takes snapshot takes snapshot 1`] = `undefined`;
