// Jest Snapshot v1, https://goo.gl/fbAQLP

exports[`renders without crashing and takes snapshot takes snapshot 1`] = `
Object {
  "asFragment": [Function],
  "baseElement": <body>
    <div>
      <div
        class="sensor-chart"
      >
        <h3
          class="section-title"
        >
          Temperature
        </h3>
        <div
          class="select-time"
        >
          <p>
            Time frame:
          </p>
          <div
            class="date-picker"
          >
            <div
              class="from"
            >
              <label>
                From:
              </label>
              <input
                type="date"
                value="2021-03-01"
              />
              <input
                step="1"
                type="time"
                value="00:00:00"
              />
            </div>
            <div
              class="until"
            >
              <label>
                Until:
              </label>
              <input
                type="date"
                value="2021-03-01"
              />
              <input
                step="1"
                type="time"
                value="00:11:00"
              />
            </div>
          </div>
          <button
            class="button fetch-data"
          >
            Fetch data
          </button>
        </div>
        <p
          class="loading"
          data-testid="loading"
        >
          Loading ...
        </p>
      </div>
    </div>
  </body>,
  "container": <div>
    <div
      class="sensor-chart"
    >
      <h3
        class="section-title"
      >
        Temperature
      </h3>
      <div
        class="select-time"
      >
        <p>
          Time frame:
        </p>
        <div
          class="date-picker"
        >
          <div
            class="from"
          >
            <label>
              From:
            </label>
            <input
              type="date"
              value="2021-03-01"
            />
            <input
              step="1"
              type="time"
              value="00:00:00"
            />
          </div>
          <div
            class="until"
          >
            <label>
              Until:
            </label>
            <input
              type="date"
              value="2021-03-01"
            />
            <input
              step="1"
              type="time"
              value="00:11:00"
            />
          </div>
        </div>
        <button
          class="button fetch-data"
        >
          Fetch data
        </button>
      </div>
      <p
        class="loading"
        data-testid="loading"
      >
        Loading ...
      </p>
    </div>
  </div>,
  "debug": [Function],
  "findAllByAltText": [Function],
  "findAllByDisplayValue": [Function],
  "findAllByLabelText": [Function],
  "findAllByPlaceholderText": [Function],
  "findAllByRole": [Function],
  "findAllByTestId": [Function],
  "findAllByText": [Function],
  "findAllByTitle": [Function],
  "findByAltText": [Function],
  "findByDisplayValue": [Function],
  "findByLabelText": [Function],
  "findByPlaceholderText": [Function],
  "findByRole": [Function],
  "findByTestId": [Function],
  "findByText": [Function],
  "findByTitle": [Function],
  "getAllByAltText": [Function],
  "getAllByDisplayValue": [Function],
  "getAllByLabelText": [Function],
  "getAllByPlaceholderText": [Function],
  "getAllByRole": [Function],
  "getAllByTestId": [Function],
  "getAllByText": [Function],
  "getAllByTitle": [Function],
  "getByAltText": [Function],
  "getByDisplayValue": [Function],
  "getByLabelText": [Function],
  "getByPlaceholderText": [Function],
  "getByRole": [Function],
  "getByTestId": [Function],
  "getByText": [Function],
  "getByTitle": [Function],
  "queryAllByAltText": [Function],
  "queryAllByDisplayValue": [Function],
  "queryAllByLabelText": [Function],
  "queryAllByPlaceholderText": [Function],
  "queryAllByRole": [Function],
  "queryAllByTestId": [Function],
  "queryAllByText": [Function],
  "queryAllByTitle": [Function],
  "queryByAltText": [Function],
  "queryByDisplayValue": [Function],
  "queryByLabelText": [Function],
  "queryByPlaceholderText": [Function],
  "queryByRole": [Function],
  "queryByTestId": [Function],
  "queryByText": [Function],
  "queryByTitle": [Function],
  "rerender": [Function],
  "unmount": [Function],
}
`;
