// Jest Snapshot v1, https://goo.gl/fbAQLP

exports[`rendering takes snapshot 1`] = `undefined`;
